src/components/students/photo/PhotoCaptureEditor.tsx(8,24): error TS2307: Cannot find module '@/components/ui/slider' or its corresponding type declarations.
src/components/students/photo/PhotoCaptureEditor.tsx(9,46): error TS6133: 'Hand' is declared but its value is never read.
src/components/students/photo/PhotoCaptureEditor.tsx(33,12): error TS6133: 'countdown' is declared but its value is never read.
